--------------------------------------------------------------------------------
      name:  <unnamed>
       log:  O:\wang6054\PA 5033 Spring 2022\Lab 5\Lab5.log
  log type:  text
 opened on:  15 Apr 2022, 12:48:35

. 
end of do-file

. do "C:\Users\wang6054\AppData\Local\Temp\STD3594_000000.tmp"

.         tsset yr

Time variable: yr, 50 to 87
        Delta: 1 unit

. 
end of do-file

. do "C:\Users\wang6054\AppData\Local\Temp\STD3594_000000.tmp"

.         reg prepop prgnp kaitz if yr < 86

      Source |       SS           df       MS      Number of obs   =        36
-------------+----------------------------------   F(2, 33)        =     43.74
       Model |  .032533061         2  .016266531   Prob > F        =    0.0000
    Residual |  .012271245        33  .000371856   R-squared       =    0.7261
-------------+----------------------------------   Adj R-squared   =    0.7095
       Total |  .044804307        35  .001280123   Root MSE        =    .01928

------------------------------------------------------------------------------
      prepop | Coefficient  Std. err.      t    P>|t|     [95% conf. interval]
-------------+----------------------------------------------------------------
       prgnp |   .0000119   8.30e-06     1.43   0.161    -4.99e-06    .0000288
       kaitz |  -.4417756   .0989442    -4.46   0.000     -.643079   -.2404722
       _cons |   .5082426   .0151576    33.53   0.000     .4774042    .5390809
------------------------------------------------------------------------------

. 
end of do-file

. do "C:\Users\wang6054\AppData\Local\Temp\STD3594_000000.tmp"

.         list prgnp if yr == 86

     +-----------+
     |     prgnp |
     |-----------|
 37. | 4281.6001 |
     +-----------+

.         list kaitz if yr == 86

     +--------+
     |  kaitz |
     |--------|
 37. | .42653 |
     +--------+

.         list prepop if yr == 86

     +-----------+
     |    prepop |
     |-----------|
 37. | .35100001 |
     +-----------+

. 
end of do-file

. do "C:\Users\wang6054\AppData\Local\Temp\STD3594_000000.tmp"

.         dis 0.508 + (0.0000119 * 4281.6) - (0.442 * 0.4265)
.37043804

. 
end of do-file

. do "C:\Users\wang6054\AppData\Local\Temp\STD3594_000000.tmp"

.         dis .3704 - .351
.0194

. 
end of do-file

. do "C:\Users\wang6054\AppData\Local\Temp\STD3594_000000.tmp"

.         list prgnp if yr == 87

     +-----------+
     |     prgnp |
     |-----------|
 38. | 4496.7002 |
     +-----------+

.         list kaitz if yr == 87

     +-----------+
     |     kaitz |
     |-----------|
 38. | .40944001 |
     +-----------+

.         list prepop if yr == 87

     +-----------+
     |    prepop |
     |-----------|
 38. | .36899999 |
     +-----------+

. 
end of do-file

. do "C:\Users\wang6054\AppData\Local\Temp\STD3594_000000.tmp"

.         dis 0.508 + (0.0000119 * 4496.7) - (0.442 * 0.4094)
.38055593

. 
end of do-file

. do "C:\Users\wang6054\AppData\Local\Temp\STD3594_000000.tmp"

.         dis .3805 - .369
.0115

. 
end of do-file

. do "C:\Users\wang6054\AppData\Local\Temp\STD3594_000000.tmp"

.         reg prepop prgnp kaitz if yr < 87

      Source |       SS           df       MS      Number of obs   =        37
-------------+----------------------------------   F(2, 34)        =     45.63
       Model |  .033856408         2  .016928204   Prob > F        =    0.0000
    Residual |  .012612403        34  .000370953   R-squared       =    0.7286
-------------+----------------------------------   Adj R-squared   =    0.7126
       Total |  .046468811        36    .0012908   Root MSE        =    .01926

------------------------------------------------------------------------------
      prepop | Coefficient  Std. err.      t    P>|t|     [95% conf. interval]
-------------+----------------------------------------------------------------
       prgnp |   9.69e-06   7.96e-06     1.22   0.232    -6.50e-06    .0000259
       kaitz |   -.421966    .096641    -4.37   0.000    -.6183642   -.2255679
       _cons |   .5067685    .015061    33.65   0.000     .4761609     .537376
------------------------------------------------------------------------------

. 
end of do-file

. do "C:\Users\wang6054\AppData\Local\Temp\STD3594_000000.tmp"

.                 reg prgnp usgnp if yr < 87

      Source |       SS           df       MS      Number of obs   =        37
-------------+----------------------------------   F(1, 35)        =   1507.18
       Model |  49412200.8         1  49412200.8   Prob > F        =    0.0000
    Residual |   1147457.3        35  32784.4943   R-squared       =    0.9773
-------------+----------------------------------   Adj R-squared   =    0.9767
       Total |  50559658.1        36  1404434.95   Root MSE        =    181.06

------------------------------------------------------------------------------
       prgnp | Coefficient  Std. err.      t    P>|t|     [95% conf. interval]
-------------+----------------------------------------------------------------
       usgnp |   1.568645   .0404056    38.82   0.000     1.486618    1.650673
       _cons |  -1107.763   98.88834   -11.20   0.000    -1308.517   -907.0089
------------------------------------------------------------------------------

. 
end of do-file

. do "C:\Users\wang6054\AppData\Local\Temp\STD3594_000000.tmp"

.         list usgnp if yr == 87

     +-----------+
     |     usgnp |
     |-----------|
 38. | 3819.6001 |
     +-----------+

. 
end of do-file

. do "C:\Users\wang6054\AppData\Local\Temp\STD3594_000000.tmp"

.         list prgnp if yr == 87

     +-----------+
     |     prgnp |
     |-----------|
 38. | 4496.7002 |
     +-----------+

. 
end of do-file

. do "C:\Users\wang6054\AppData\Local\Temp\STD3594_000000.tmp"

.         dis -1107.76 + 1.569 *3819.6
4885.1924

. 
end of do-file

. do "C:\Users\wang6054\AppData\Local\Temp\STD3594_000000.tmp"

.         list kaitz if yr == 87

     +-----------+
     |     kaitz |
     |-----------|
 38. | .40944001 |
     +-----------+

. 
end of do-file

. do "C:\Users\wang6054\AppData\Local\Temp\STD3594_000000.tmp"

.         dis 0.507 +.000009688 * 4885.1924 - 0.422 * 0.40944
.38154406

. 
end of do-file

. do "C:\Users\wang6054\AppData\Local\Temp\STD3594_000000.tmp"

.         list prepop if yr == 87

     +-----------+
     |    prepop |
     |-----------|
 38. | .36899999 |
     +-----------+

. 
end of do-file

. dis .38154406-  .36899999
.01254407

. do "C:\Users\wang6054\AppData\Local\Temp\STD3594_000000.tmp"

.                 reg prepop prepop_1 if yr < 87

      Source |       SS           df       MS      Number of obs   =        36
-------------+----------------------------------   F(1, 34)        =    257.05
       Model |  .035410227         1  .035410227   Prob > F        =    0.0000
    Residual |  .004683662        34  .000137755   R-squared       =    0.8832
-------------+----------------------------------   Adj R-squared   =    0.8797
       Total |  .040093889        35   .00114554   Root MSE        =    .01174

------------------------------------------------------------------------------
      prepop | Coefficient  Std. err.      t    P>|t|     [95% conf. interval]
-------------+----------------------------------------------------------------
    prepop_1 |   .8890056    .055449    16.03   0.000     .7763197    1.001691
       _cons |   .0402443   .0218438     1.84   0.074    -.0041476    .0846363
------------------------------------------------------------------------------

. 
end of do-file

. do "C:\Users\wang6054\AppData\Local\Temp\STD3594_000000.tmp"

.                 predict residuals, res
(1 missing value generated)

. 
end of do-file

. do "C:\Users\wang6054\AppData\Local\Temp\STD3594_000000.tmp"

.                 gen residuals_1 = L.residuals
(2 missing values generated)

. 
end of do-file

. do "C:\Users\wang6054\AppData\Local\Temp\STD3594_000000.tmp"

.                 reg prepop prepop_1 residuals_1 if yr < 87

      Source |       SS           df       MS      Number of obs   =        35
-------------+----------------------------------   F(2, 32)        =    115.08
       Model |  .031955042         2  .015977521   Prob > F        =    0.0000
    Residual |  .004442844        32  .000138839   R-squared       =    0.8779
-------------+----------------------------------   Adj R-squared   =    0.8703
       Total |  .036397886        34  .001070526   Root MSE        =    .01178

------------------------------------------------------------------------------
      prepop | Coefficient  Std. err.      t    P>|t|     [95% conf. interval]
-------------+----------------------------------------------------------------
    prepop_1 |   .8805761     .06571    13.40   0.000     .7467292    1.014423
 residuals_1 |   .1970745   .1945517     1.01   0.319    -.1992144    .5933634
       _cons |   .0438853    .025751     1.70   0.098    -.0085679    .0963384
------------------------------------------------------------------------------

. 
end of do-file

. do "C:\Users\wang6054\AppData\Local\Temp\STD3594_000000.tmp"

.         list prepop_1 if yr == 87       /* can also do: list prepop if yr == 
> 86 */

     +-----------+
     |  prepop_1 |
     |-----------|
 38. | .35100001 |
     +-----------+

.         list residuals_1 if yr == 87 /* list residual if yr == 86*/

     +----------+
     | residu~1 |
     |----------|
 38. | .0164948 |
     +----------+

. 
end of do-file

. do "C:\Users\wang6054\AppData\Local\Temp\STD3594_000000.tmp"

.         dis 0.044 + 0.881 * 0.351 + 0.197 * 0.017
.35658

. 
end of do-file

. list prepopo if yr ==87
variable prepopo not found
r(111);

. list prepop if yr ==87

     +-----------+
     |    prepop |
     |-----------|
 38. | .36899999 |
     +-----------+

. dis .35658-.36899999
-.01241999

. exit, clear
